------------------------------------------------------------
TimeQuest Timing Analyzer Summary
------------------------------------------------------------

Type  : Slow 1200mV 85C Model Setup 'clk'
Slack : -0.228
TNS   : -0.317

Type  : Slow 1200mV 85C Model Hold 'clk'
Slack : -0.102
TNS   : -0.102

Type  : Slow 1200mV 85C Model Minimum Pulse Width 'clk'
Slack : -3.000
TNS   : -5.000

Type  : Slow 1200mV 85C Model Minimum Pulse Width 'present_state.init'
Slack : 0.434
TNS   : 0.000

Type  : Slow 1200mV 0C Model Setup 'clk'
Slack : -0.106
TNS   : -0.106

Type  : Slow 1200mV 0C Model Hold 'clk'
Slack : -0.058
TNS   : -0.058

Type  : Slow 1200mV 0C Model Minimum Pulse Width 'clk'
Slack : -3.000
TNS   : -5.000

Type  : Slow 1200mV 0C Model Minimum Pulse Width 'present_state.init'
Slack : 0.445
TNS   : 0.000

Type  : Fast 1200mV 0C Model Setup 'clk'
Slack : 0.166
TNS   : 0.000

Type  : Fast 1200mV 0C Model Hold 'clk'
Slack : -0.137
TNS   : -0.205

Type  : Fast 1200mV 0C Model Minimum Pulse Width 'clk'
Slack : -3.000
TNS   : -5.052

Type  : Fast 1200mV 0C Model Minimum Pulse Width 'present_state.init'
Slack : 0.464
TNS   : 0.000

------------------------------------------------------------
