------------------------------------------------------------
TimeQuest Timing Analyzer Summary
------------------------------------------------------------

Type  : Slow Model Setup 'clk25'
Slack : -3.478
TNS   : -41.588

Type  : Slow Model Setup 'hSyncOut'
Slack : -2.802
TNS   : -33.453

Type  : Slow Model Setup 'clk'
Slack : 2.337
TNS   : 0.000

Type  : Slow Model Hold 'clk'
Slack : -2.103
TNS   : -2.103

Type  : Slow Model Hold 'clk25'
Slack : 1.118
TNS   : 0.000

Type  : Slow Model Hold 'hSyncOut'
Slack : 1.185
TNS   : 0.000

Type  : Slow Model Minimum Pulse Width 'clk'
Slack : -1.941
TNS   : -3.425

Type  : Slow Model Minimum Pulse Width 'clk25'
Slack : -0.742
TNS   : -17.808

Type  : Slow Model Minimum Pulse Width 'hSyncOut'
Slack : -0.742
TNS   : -17.808

Type  : Fast Model Setup 'clk25'
Slack : -0.498
TNS   : -5.766

Type  : Fast Model Setup 'hSyncOut'
Slack : -0.308
TNS   : -3.396

Type  : Fast Model Setup 'clk'
Slack : 1.353
TNS   : 0.000

Type  : Fast Model Hold 'clk'
Slack : -0.973
TNS   : -0.973

Type  : Fast Model Hold 'clk25'
Slack : 0.359
TNS   : 0.000

Type  : Fast Model Hold 'hSyncOut'
Slack : 0.365
TNS   : 0.000

Type  : Fast Model Minimum Pulse Width 'clk'
Slack : -1.380
TNS   : -2.380

Type  : Fast Model Minimum Pulse Width 'clk25'
Slack : -0.500
TNS   : -12.000

Type  : Fast Model Minimum Pulse Width 'hSyncOut'
Slack : -0.500
TNS   : -12.000

------------------------------------------------------------
